sadf asdfsa
sdf as
d fsadfsd fd 
